00:00 +0: loading /run/media/rightguy/data_storage/dev/WeedEmpire/test/widget_test.dart
00:00 +0: App should build successfully
══╡ EXCEPTION CAUGHT BY RENDERING LIBRARY ╞═════════════════════════════════════════════════════════
The following assertion was thrown during layout:
A RenderFlex overflowed by 4.0 pixels on the bottom.

The relevant error-causing widget was:
  Column
  Column:file:///run/media/rightguy/data_storage/dev/WeedEmpire/lib/screens/business_menu.dart:180:28

The overflowing RenderFlex has an orientation of Axis.vertical.
The edge of the RenderFlex that is overflowing has been marked in the rendering with a yellow and
black striped pattern. This is usually caused by the contents being too big for the RenderFlex.
Consider applying a flex factor (e.g. using an Expanded widget) to force the children of the
RenderFlex to fit within the available space instead of being sized to their natural size.
This is considered an error condition because it indicates that there is content that cannot be
seen. If the content is legitimately bigger than the available space, consider clipping it with a
ClipRect widget before putting it in the flex, or using a scrollable container rather than a Flex,
like a ListView.
The specific RenderFlex in question is: RenderFlex#6fdf5 OVERFLOWING:
  creator: Column ← Padding ← DecoratedBox ← ConstrainedBox ← Padding ← Container ← Listener ←
    _GestureSemantics ← RawGestureDetector ← GestureDetector ← RepaintBoundary ← IndexedSemantics ← ⋯
  parentData: offset=Offset(9.0, 9.0) (can use size)
  constraints: BoxConstraints(w=122.0, h=82.0)
  size: Size(122.0, 82.0)
  direction: vertical
  mainAxisAlignment: center
  mainAxisSize: max
  crossAxisAlignment: center
  verticalDirection: down
  spacing: 0.0
◢◤◢◤◢◤◢◤◢◤◢◤◢◤◢◤◢◤◢◤◢◤◢◤◢◤◢◤◢◤◢◤◢◤◢◤◢◤◢◤◢◤◢◤◢◤◢◤◢◤◢◤◢◤◢◤◢◤◢◤◢◤◢◤◢◤◢◤◢◤◢◤◢◤◢◤◢◤◢◤◢◤◢◤◢◤◢◤◢◤◢◤◢◤◢◤◢◤◢◤
════════════════════════════════════════════════════════════════════════════════════════════════════
══╡ EXCEPTION CAUGHT BY RENDERING LIBRARY ╞═════════════════════════════════════════════════════════
The following assertion was thrown during layout:
A RenderFlex overflowed by 4.0 pixels on the bottom.

The relevant error-causing widget was:
  Column
  Column:file:///run/media/rightguy/data_storage/dev/WeedEmpire/lib/screens/business_menu.dart:180:28

The overflowing RenderFlex has an orientation of Axis.vertical.
The edge of the RenderFlex that is overflowing has been marked in the rendering with a yellow and
black striped pattern. This is usually caused by the contents being too big for the RenderFlex.
Consider applying a flex factor (e.g. using an Expanded widget) to force the children of the
RenderFlex to fit within the available space instead of being sized to their natural size.
This is considered an error condition because it indicates that there is content that cannot be
seen. If the content is legitimately bigger than the available space, consider clipping it with a
ClipRect widget before putting it in the flex, or using a scrollable container rather than a Flex,
like a ListView.
The specific RenderFlex in question is: RenderFlex#8638a OVERFLOWING:
  creator: Column ← Padding ← DecoratedBox ← ConstrainedBox ← Padding ← Container ← Listener ←
    _GestureSemantics ← RawGestureDetector ← GestureDetector ← RepaintBoundary ← IndexedSemantics ← ⋯
  parentData: offset=Offset(9.0, 9.0) (can use size)
  constraints: BoxConstraints(w=122.0, h=82.0)
  size: Size(122.0, 82.0)
  direction: vertical
  mainAxisAlignment: center
  mainAxisSize: max
  crossAxisAlignment: center
  verticalDirection: down
  spacing: 0.0
◢◤◢◤◢◤◢◤◢◤◢◤◢◤◢◤◢◤◢◤◢◤◢◤◢◤◢◤◢◤◢◤◢◤◢◤◢◤◢◤◢◤◢◤◢◤◢◤◢◤◢◤◢◤◢◤◢◤◢◤◢◤◢◤◢◤◢◤◢◤◢◤◢◤◢◤◢◤◢◤◢◤◢◤◢◤◢◤◢◤◢◤◢◤◢◤◢◤◢◤
════════════════════════════════════════════════════════════════════════════════════════════════════
══╡ EXCEPTION CAUGHT BY RENDERING LIBRARY ╞═════════════════════════════════════════════════════════
The following assertion was thrown during layout:
A RenderFlex overflowed by 139 pixels on the bottom.

The relevant error-causing widget was:
  Column
  Column:file:///run/media/rightguy/data_storage/dev/WeedEmpire/lib/screens/business_menu.dart:142:14

The overflowing RenderFlex has an orientation of Axis.vertical.
The edge of the RenderFlex that is overflowing has been marked in the rendering with a yellow and
black striped pattern. This is usually caused by the contents being too big for the RenderFlex.
Consider applying a flex factor (e.g. using an Expanded widget) to force the children of the
RenderFlex to fit within the available space instead of being sized to their natural size.
This is considered an error condition because it indicates that there is content that cannot be
seen. If the content is legitimately bigger than the available space, consider clipping it with a
ClipRect widget before putting it in the flex, or using a scrollable container rather than a Flex,
like a ListView.
The specific RenderFlex in question is: RenderFlex#e21cd OVERFLOWING:
  needs compositing
  creator: Column ← Padding ← Semantics ← KeyedSubtree-[<0>] ← RepaintBoundary ← IndexedSemantics ←
    _SelectionKeepAlive ← NotificationListener<KeepAliveNotification> ← KeepAlive ← AutomaticKeepAlive
    ← KeyedSubtree-[Key <[<0>]>] ← _SliverFillViewportRenderObjectWidget ← ⋯
  parentData: offset=Offset(16.0, 16.0) (can use size)
  constraints: BoxConstraints(w=318.0, h=249.0)
  size: Size(318.0, 249.0)
  direction: vertical
  mainAxisAlignment: start
  mainAxisSize: max
  crossAxisAlignment: stretch
  verticalDirection: down
  spacing: 0.0
◢◤◢◤◢◤◢◤◢◤◢◤◢◤◢◤◢◤◢◤◢◤◢◤◢◤◢◤◢◤◢◤◢◤◢◤◢◤◢◤◢◤◢◤◢◤◢◤◢◤◢◤◢◤◢◤◢◤◢◤◢◤◢◤◢◤◢◤◢◤◢◤◢◤◢◤◢◤◢◤◢◤◢◤◢◤◢◤◢◤◢◤◢◤◢◤◢◤◢◤
════════════════════════════════════════════════════════════════════════════════════════════════════
══╡ EXCEPTION CAUGHT BY FLUTTER TEST FRAMEWORK ╞════════════════════════════════════════════════════
The following message was thrown:
Multiple exceptions (3) were detected during the running of the current test, and at least one was
unexpected.
════════════════════════════════════════════════════════════════════════════════════════════════════
00:00 +0 -1: App should build successfully [E]
  Test failed. See exception logs above.
  The test description was: App should build successfully
  
00:00 +0 -1: Some tests failed.
